┌────────┐
  ♟♟♟♟♟♟  
 ♟♟♟44♟♟♟ 
 22♝22♝22 
          
          
          
          
          
└────────┘
┌────────┐
          
          
          
          
          
 @@♗@@♗@@ 
 ♙♙♙$$♙♙♙ 
  ♙♙♙♙♙♙  
└────────┘
┌────────┐
  ♟♟♟♟♟♟  
 ♟♟♟44♟♟♟ 
 22♝22♝22 
          
          
 @@♗@@♗@@ 
 ♙♙♙$$♙♙♙ 
  ♙♙♙♙♙♙  
└────────┘
┌────────┐
 ♜♞♝♛♚♝♞♜ 
 ♟♟♟♟♟♟♟♟ 
          
          
          
          
 ♙♙♙♙♙♙♙♙ 
 ♖♘♗♕♔♗♘♖ 
└────────┘
┌────────┐
          
          
    ♟     
    ♟     
          
          
          
          
└────────┘
┌────────┐
 ♜♞♝♛♚♝♞♜ 
 ♟♟♟ ♟♟♟♟ 
          
    ♟     
          
          
 ♙♙♙♙♙♙♙♙ 
 ♖♘♗♕♔♗♘♖ 
└────────┘
┌────────┐
          
          
          
          
    ♟     
          
          
          
└────────┘
┌────────┐
 ♜♞♝♛♚♝♞♜ 
 ♟♟♟ ♟♟♟♟ 
          
          
    ♟     
          
 ♙♙♙♙♙♙♙♙ 
 ♖♘♗♕♔♗♘♖ 
└────────┘
┌────────┐
          
          
          
          
          
    ♟     
          
          
└────────┘
┌────────┐
 ♜♞♝♛♚♝♞♜ 
 ♟♟♟ ♟♟♟♟ 
          
          
          
    ♟     
 ♙♙♙♙♙♙♙♙ 
 ♖♘♗♕♔♗♘♖ 
└────────┘
┌────────┐
          
          
          
          
          
          
   ♟ ♟    
          
└────────┘
┌────────┐
 ♜♞♝♛♚♝♞♜ 
 ♟♟♟ ♟♟♟♟ 
          
          
          
          
 ♙♙♟♙♙♙♙♙ 
 ♖♘♗♕♔♗♘♖ 
└────────┘
┌────────┐
          
    ♞     
 ♞ ♞      
          
          
          
          
          
└────────┘
┌────────┐
 ♜ ♝♛♚♝♞♜ 
 ♟♟♟ ♟♟♟♟ 
 ♞        
          
          
          
 ♙♙♟♙♙♙♙♙ 
 ♖♘♗♕♔♗♘♖ 
└────────┘
┌────────┐
          
    ♝     
     ♝    
      ♝   
       ♝  
        ♝ 
          
          
└────────┘
┌────────┐
 ♜  ♛♚♝♞♜ 
 ♟♟♟ ♟♟♟♟ 
 ♞        
      ♝   
          
          
 ♙♙♟♙♙♙♙♙ 
 ♖♘♗♕♔♗♘♖ 
└────────┘
┌────────┐
  ♛♛      
    ♛     
    ♛     
    ♛     
    ♛     
    ♛     
    ♛     
          
└────────┘
┌────────┐
 ♜   ♚♝♞♜ 
 ♟♟♟♛♟♟♟♟ 
 ♞        
      ♝   
          
          
 ♙♙♟♙♙♙♙♙ 
 ♖♘♗♕♔♗♘♖ 
└────────┘
┌────────┐
   ♚♚     
          
          
          
          
          
          
          
└────────┘
┌────────┐
   ♚♜ ♝♞♜ 
 ♟♟♟♛♟♟♟♟ 
 ♞        
      ♝   
          
          
 ♙♙♟♙♙♙♙♙ 
 ♖♘♗♕♔♗♘♖ 
└────────┘
┌────────┐
     ♜    
          
          
          
          
          
          
          
└────────┘
┌────────┐
   ♚ ♜♝♞♜ 
 ♟♟♟♛♟♟♟♟ 
 ♞        
      ♝   
          
          
 ♙♙♟♙♙♙♙♙ 
 ♖♘♗♕♔♗♘♖ 
└────────┘
┌────────┐
  22♝♟♟♟  
  ♟♝24 ♟2 
 ♟22♝♝♝♝2 
  ♟♟♟ ♟   
 ♟♟ ♟♟ ♟  
    2   ♟ 
   ♟♟     
  ♟ ♟     
└────────┘
┌────────┐
          
          
          
          
          
 @@♗@@♗@@ 
 ♙♙♙$$♙♙♙ 
  ♙♙♙♙♙♙  
└────────┘
┌────────┐
  22♝♟♟♟  
  ♟♝24 ♟2 
 ♟22♝♝♝♝2 
  ♟♟♟ ♟   
 ♟♟ ♟♟ ♟  
 @@♗ @♗@♙ 
 ♙♙ ♗$♙♙♙ 
   ♙ ♙♙♙  
└────────┘
